// Jest Snapshot v1, https://goo.gl/fbAQLP

exports[`CardWrapper renders correctly 1`] = `
<CardWrapper
  classes={
    Object {
      "cardWrapper": "CardWrapper-cardWrapper-1",
    }
  }
>
  Test Page!
</CardWrapper>
`;
