// Jest Snapshot v1, https://goo.gl/fbAQLP

exports[`CardWrapper renders correctly 1`] = `
<PageLabel
  classes={
    Object {
      "root": "PageLabel-root-1",
    }
  }
>
  Test Page!
</PageLabel>
`;
